>0b01
#^^^^ source.lux constant.numeric.int.binary.lux
>0b10
#^^^^ source.lux constant.numeric.int.binary.lux