>#1
#^^^^ source.lux constant.language.bool.lux
>#0
#^^^^^ source.lux constant.language.bool.lux
>
