>0x123456789abcdefABCDEF
#^^^^^^^^^^^^^^^^^^^^^^^ source.lux constant.numeric.int.hex.lux