>#
#^ source.lux invalid.illegal.tag.lux
>#[
#^^ source.lux invalid.illegal.tag.lux
>#{
#^^ source.lux invalid.illegal.tag.lux
># 
#^^ source.lux invalid.illegal.tag.lux
>#]
#^^ source.lux invalid.illegal.tag.lux
>#}
#^^ source.lux invalid.illegal.tag.lux