>#keyword
#^^^^^^^^ source.lux constant.keyword.clojure