>#(This is a block comment)
#^^ source.lux comment.block.lux
#  ^^^^^^^^^^^^^^^^^^^^^^^ source.lux comment.block.lux
#                         ^ source.lux comment.block.lux