>## This is an inline comment
#^^ source.lux comment.line.double-hash.lux
#  ^^^^^^^^^^^^^^^^^^^^^^^^^^ source.lux comment.line.double-hash.lux